// Jest Snapshot v1, https://goo.gl/fbAQLP

exports[`BadRequestView Component should match snapshot 1`] = `
<div
  class="MuiBox-root css-12crrv0"
>
  <div
    aria-hidden="true"
    class="MuiBox-root css-19idom"
  >
    <svg
      aria-hidden="true"
      class="MuiSvgIcon-root MuiSvgIcon-fontSizeMedium css-1xmkh9g-MuiSvgIcon-root"
      data-testid="WarningIcon"
      focusable="false"
      viewBox="0 0 24 24"
    >
      <path
        d="M1 21h22L12 2zm12-3h-2v-2h2zm0-4h-2v-4h2z"
      />
    </svg>
  </div>
  <h1
    class="MuiTypography-root MuiTypography-h1 css-1m5odvn-MuiTypography-root"
    style="color: rgb(220, 38, 38); margin-bottom: 8px;"
  >
    400
  </h1>
  <h4
    class="MuiTypography-root MuiTypography-h4 css-cqf26c-MuiTypography-root"
    style="margin-bottom: 16px;"
  >
    Bad Request
  </h4>
  <p
    class="MuiTypography-root MuiTypography-body1 css-1jshwn9-MuiTypography-root"
    style="color: rgb(74, 68, 104); max-width: 480px; margin-bottom: 32px;"
  >
    The server could not understand the request due to invalid syntax.
  </p>
  <div
    class="MuiBox-root css-10egq61"
  >
    <button
      class="MuiButtonBase-root MuiButton-root MuiButton-outlined MuiButton-outlinedPrimary MuiButton-sizeMedium MuiButton-outlinedSizeMedium MuiButton-colorPrimary MuiButton-disableElevation MuiButton-root MuiButton-outlined MuiButton-outlinedPrimary MuiButton-sizeMedium MuiButton-outlinedSizeMedium MuiButton-colorPrimary MuiButton-disableElevation css-54uywz-MuiButtonBase-root-MuiButton-root"
      style="border-color: rgba(91, 63, 192, 0.5);"
      tabindex="0"
      type="button"
    >
      Go Back
    </button>
    <button
      class="MuiButtonBase-root MuiButton-root MuiButton-contained MuiButton-containedPrimary MuiButton-sizeMedium MuiButton-containedSizeMedium MuiButton-colorPrimary MuiButton-disableElevation MuiButton-root MuiButton-contained MuiButton-containedPrimary MuiButton-sizeMedium MuiButton-containedSizeMedium MuiButton-colorPrimary MuiButton-disableElevation css-w0xxa4-MuiButtonBase-root-MuiButton-root"
      tabindex="0"
      type="button"
    >
      Go Home
    </button>
  </div>
</div>
`;
