// Jest Snapshot v1, https://goo.gl/fbAQLP

exports[`ForbiddenView Component should match snapshot 1`] = `
<div
  class="MuiBox-root css-12crrv0"
>
  <div
    aria-hidden="true"
    class="MuiBox-root css-19idom"
  >
    <svg
      aria-hidden="true"
      class="MuiSvgIcon-root MuiSvgIcon-fontSizeMedium css-1xmkh9g-MuiSvgIcon-root"
      data-testid="BlockIcon"
      focusable="false"
      viewBox="0 0 24 24"
    >
      <path
        d="M12 2C6.48 2 2 6.48 2 12s4.48 10 10 10 10-4.48 10-10S17.52 2 12 2M4 12c0-4.42 3.58-8 8-8 1.85 0 3.55.63 4.9 1.69L5.69 16.9C4.63 15.55 4 13.85 4 12m8 8c-1.85 0-3.55-.63-4.9-1.69L18.31 7.1C19.37 8.45 20 10.15 20 12c0 4.42-3.58 8-8 8"
      />
    </svg>
  </div>
  <h1
    class="MuiTypography-root MuiTypography-h1 css-3k0xml-MuiTypography-root"
    style="color: rgb(220, 38, 38); margin-bottom: 8px;"
  >
    403
  </h1>
  <h4
    class="MuiTypography-root MuiTypography-h4 css-sc444u-MuiTypography-root"
    style="margin-bottom: 16px;"
  >
    Forbidden
  </h4>
  <p
    class="MuiTypography-root MuiTypography-body1 css-1jshwn9-MuiTypography-root"
    style="color: rgb(74, 68, 104); max-width: 480px; margin-bottom: 32px;"
  >
    You don't have permission to access this resource.
  </p>
  <div
    class="MuiBox-root css-10egq61"
  >
    <button
      class="MuiButtonBase-root MuiButton-root MuiButton-outlined MuiButton-outlinedPrimary MuiButton-sizeMedium MuiButton-outlinedSizeMedium MuiButton-colorPrimary MuiButton-disableElevation MuiButton-root MuiButton-outlined MuiButton-outlinedPrimary MuiButton-sizeMedium MuiButton-outlinedSizeMedium MuiButton-colorPrimary MuiButton-disableElevation css-54uywz-MuiButtonBase-root-MuiButton-root"
      style="border-color: rgba(91, 63, 192, 0.5);"
      tabindex="0"
      type="button"
    >
      Go Back
    </button>
    <button
      class="MuiButtonBase-root MuiButton-root MuiButton-contained MuiButton-containedPrimary MuiButton-sizeMedium MuiButton-containedSizeMedium MuiButton-colorPrimary MuiButton-disableElevation MuiButton-root MuiButton-contained MuiButton-containedPrimary MuiButton-sizeMedium MuiButton-containedSizeMedium MuiButton-colorPrimary MuiButton-disableElevation css-w0xxa4-MuiButtonBase-root-MuiButton-root"
      tabindex="0"
      type="button"
    >
      Go Home
    </button>
  </div>
</div>
`;
