// Jest Snapshot v1, https://goo.gl/fbAQLP

exports[`SettingsView Component should match snapshot 1`] = `
<div
  class="MuiBox-root css-0"
>
  <div
    class="MuiBox-root css-0"
  >
    <div
      class="MuiStack-root css-10kbc59-MuiStack-root"
    >
      <div
        class="MuiStack-root css-4ekims-MuiStack-root"
      >
        <div
          class="MuiStack-root css-3zqkp-MuiStack-root"
        >
          <div
            class="MuiBox-root css-1nkum9t"
          >
            <svg
              aria-hidden="true"
              class="MuiSvgIcon-root MuiSvgIcon-fontSizeMedium css-1umw9bq-MuiSvgIcon-root"
              data-testid="SettingsIcon"
              focusable="false"
              viewBox="0 0 24 24"
            >
              <path
                d="M19.14 12.94c.04-.3.06-.61.06-.94 0-.32-.02-.64-.07-.94l2.03-1.58c.18-.14.23-.41.12-.61l-1.92-3.32c-.12-.22-.37-.29-.59-.22l-2.39.96c-.5-.38-1.03-.7-1.62-.94l-.36-2.54c-.04-.24-.24-.41-.48-.41h-3.84c-.24 0-.43.17-.47.41l-.36 2.54c-.59.24-1.13.57-1.62.94l-2.39-.96c-.22-.08-.47 0-.59.22L2.74 8.87c-.12.21-.08.47.12.61l2.03 1.58c-.05.3-.09.63-.09.94s.02.64.07.94l-2.03 1.58c-.18.14-.23.41-.12.61l1.92 3.32c.12.22.37.29.59.22l2.39-.96c.5.38 1.03.7 1.62.94l.36 2.54c.05.24.24.41.48.41h3.84c.24 0 .44-.17.47-.41l.36-2.54c.59-.24 1.13-.56 1.62-.94l2.39.96c.22.08.47 0 .59-.22l1.92-3.32c.12-.22.07-.47-.12-.61zM12 15.6c-1.98 0-3.6-1.62-3.6-3.6s1.62-3.6 3.6-3.6 3.6 1.62 3.6 3.6-1.62 3.6-3.6 3.6"
              />
            </svg>
          </div>
          <h1
            class="MuiTypography-root MuiTypography-h1 css-5hru3w-MuiTypography-root"
          >
            Settings
          </h1>
        </div>
      </div>
    </div>
  </div>
  <div
    class="MuiTabs-root css-jhczcq-MuiTabs-root"
  >
    <div
      class="MuiTabs-scrollableX MuiTabs-hideScrollbar css-i8yde5"
      style="width: 99px; height: 99px; position: absolute; top: -9999px; overflow: scroll;"
    />
    <div
      class="MuiTabs-scroller MuiTabs-hideScrollbar MuiTabs-scrollableX css-1fr578y-MuiTabs-scroller"
      style="margin-bottom: 0px;"
    >
      <div
        class="MuiTabs-list MuiTabs-flexContainer css-hzcega-MuiTabs-list"
        role="tablist"
      >
        <button
          aria-controls="tabpanel-0"
          aria-selected="true"
          class="MuiButtonBase-root MuiTab-root MuiTab-textColorPrimary Mui-selected css-w0pbba-MuiButtonBase-root-MuiTab-root"
          id="tab-0"
          role="tab"
          tabindex="0"
          type="button"
        >
          Profile
        </button>
        <button
          aria-controls="tabpanel-1"
          aria-selected="false"
          class="MuiButtonBase-root MuiTab-root MuiTab-textColorPrimary css-w0pbba-MuiButtonBase-root-MuiTab-root"
          id="tab-1"
          role="tab"
          tabindex="-1"
          type="button"
        >
          Organization
        </button>
      </div>
      <span
        class="MuiTabs-indicator css-ab78ty-MuiTabs-indicator"
        style="left: 0px; width: 0px;"
      />
    </div>
  </div>
  <div
    aria-labelledby="tab-0"
    class="MuiBox-root css-0"
    id="tabpanel-0"
    role="tabpanel"
  >
    <div
      class="MuiBox-root css-19midj6"
    >
      <div
        class="MuiPaper-root MuiPaper-outlined MuiPaper-rounded css-1b7vojq-MuiPaper-root"
      >
        <div
          class="MuiStack-root css-1sazv7p-MuiStack-root"
        >
          <div
            class="MuiStack-root css-zkdgmh-MuiStack-root"
          >
            <div
              class="MuiStack-root css-kdc3n8-MuiStack-root"
            >
              <h2
                class="MuiTypography-root MuiTypography-h2 css-1eof97i-MuiTypography-root"
              >
                Profile
              </h2>
            </div>
          </div>
          <div
            class="MuiBox-root css-0"
          >
            <div
              class="MuiStack-root css-1n7fu9l-MuiStack-root"
            >
              <span
                class="MuiCircularProgress-root MuiCircularProgress-indeterminate MuiCircularProgress-colorPrimary css-1t1ckwe-MuiCircularProgress-root"
                role="progressbar"
                style="width: 20px; height: 20px;"
              >
                <svg
                  class="MuiCircularProgress-svg css-54pwck-MuiCircularProgress-svg"
                  viewBox="22 22 44 44"
                >
                  <circle
                    class="MuiCircularProgress-circle MuiCircularProgress-circleIndeterminate css-19t5dcl-MuiCircularProgress-circle"
                    cx="44"
                    cy="44"
                    fill="none"
                    r="20.2"
                    stroke-width="3.6"
                  />
                </svg>
              </span>
              <p
                class="MuiTypography-root MuiTypography-body2 css-g7ji6g-MuiTypography-root"
              >
                Loading...
              </p>
            </div>
          </div>
        </div>
      </div>
    </div>
  </div>
  <div
    aria-labelledby="tab-1"
    class="MuiBox-root css-0"
    hidden=""
    id="tabpanel-1"
    role="tabpanel"
  />
</div>
`;
